1010 6.00
1005 4.67
1002 0.67
1003 -3.33
1004 -6.00
1011 -10.00
1012 -10.00
1013 -10.00
