1009
999
582.79
Germany
63
36
1014
980
479.51
Students house
57
36
1001
964
579.44
Makefile is overrated
54
35
1038
995
550.19
Greece
53
35
